// Jest Snapshot v1, https://goo.gl/fbAQLP

exports[`should render ComponentExample 1`] = `
<div>
  <div>
    This is an example
  </div>
</div>
`;
